>>> from 100-matrix_mul import matrix_mul
>>> matrix_mul([[1, 2], [3, 4]], [[1, 2], [3, 4]])
[[7, 10], [15, 22]]
>>> matrix_mul([[1, 2]], [[3, 4], [5, 6]])
[[13, 16]]
>>> matrix_mul([[1, 'a']], [[3, 4]])
Traceback (most recent call last):
    ...
TypeError: m_a should contain only integers or floats
>>> matrix_mul([], [[3, 4], [5, 6]])
Traceback (most recent call last):
    ...
ValueError: m_a can't be empty
>>> matrix_mul([[1, 2]], [])
Traceback (most recent call last):
    ...
ValueError: m_b can't be empty
