>>> from 2-matrix_divided import matrix_divided
>>> matrix = [
...     [1, 2, 3],
...     [4, 5, 6]
... ]
>>> matrix_divided(matrix, 3)
[[0.33, 0.67, 1.0], [1.33, 1.67, 2.0]]
>>> matrix_divided(matrix, 1)
[[1.0, 2.0, 3.0], [4.0, 5.0, 6.0]]
>>> matrix_divided(matrix, 2.5)
[[0.4, 0.8, 1.2], [1.6, 2.0, 2.4]]
>>> matrix_divided(matrix, -1)
[[-1.0, -2.0, -3.0], [-4.0, -5.0, -6.0]]
>>> matrix_divided([[]], 1)
[[]]
>>> matrix_divided([[1]], 2)
[[0.5]]
>>> matrix_divided([[1, 2], [3, 4]], 2)
[[0.5, 1.0], [1.5, 2.0]]
>>> matrix_divided([[1, 2]], 0)
Traceback (most recent call last):
    ...
ZeroDivisionError: division by zero
>>> matrix_divided([[1, '2']], 1)
Traceback (most recent call last):
    ...
TypeError: matrix must be a matrix (list of lists) of integers/floats
>>> matrix_divided(1, 1)
Traceback (most recent call last):
    ...
TypeError: matrix must be a matrix (list of lists) of integers/floats
